// Jest Snapshot v1, https://goo.gl/fbAQLP

exports[`TableContainer should render component 1`] = `
<Collapse
  isOpen={true}
  label="Table"
  loading={false}
>
  <Memo(MetaInfoText)
    metaItems={
      Array [
        Object {
          "value": "0 série retournée",
        },
      ]
    }
  />
</Collapse>
`;
